// Vitest Snapshot v1

exports[`RadioButtonGroup > render properly 1`] = `
<div
  grouptitle="Pick at least 6 options"
>
  <div
    class="sc-hBxehG elPXxm"
  >
    Pick at least 6 options
  </div>
  <div
    class="sc-fEXmlR PlfTg"
  >
    <label
      for="logrock_pebbles_radiobutton1"
    >
      <input
        class="sc-fnGiBr lJDMo"
        id="logrock_pebbles_radiobutton1"
        name="radio-button"
        type="radio"
      />
      First option
    </label>
  </div>
  <div
    class="sc-fEXmlR PlfTg"
  >
    <label
      for="logrock_pebbles_radiobutton2"
    >
      <input
        class="sc-fnGiBr lJDMo"
        id="logrock_pebbles_radiobutton2"
        name="radio-button"
        type="radio"
      />
      Option B
    </label>
  </div>
  <div
    class="sc-fEXmlR PlfTg"
  >
    <label
      for="logrock_pebbles_radiobutton3"
    >
      <input
        class="sc-fnGiBr lJDMo"
        id="logrock_pebbles_radiobutton3"
        name="radio-button"
        type="radio"
      />
      #3
    </label>
  </div>
  <div
    class="sc-fEXmlR PlfTg"
  >
    <label
      for="logrock_pebbles_radiobutton4"
    >
      <input
        class="sc-fnGiBr lJDMo"
        id="logrock_pebbles_radiobutton4"
        name="radio-button"
        type="radio"
      />
      Last one
    </label>
  </div>
  <div
    class="sc-fEXmlR PlfTg"
  >
    <label
      for="logrock_pebbles_radiobutton5"
    >
      <input
        class="sc-fnGiBr lJDMo"
        id="logrock_pebbles_radiobutton5"
        name="radio-button"
        type="radio"
      />
      Option the V
    </label>
  </div>
</div>
`;
