// Vitest Snapshot v1

exports[`StatusTag > renders properly 1`] = `
<div
  class="sc-bqiRlB lpmcWM"
>
  <div
    class="sc-ksdxgE laSaIJ"
    label="High Risk"
  >
    <p
      class="sc-iqseJM sc-fotOHu xyHVy eQnoQT"
    />
  </div>
</div>
`;

exports[`StatusTag > should render Notification Status 1`] = `
<div
  class="sc-bqiRlB lowtcP"
>
  <div
    class="sc-ksdxgE gjGcRT"
  >
    <p
      class="sc-iqseJM sc-fotOHu xyHVy ewSGrG"
    />
  </div>
</div>
`;
