// Vitest Snapshot v1

exports[`StatusTag > renders properly 1`] = `
<div
  class="sc-bqiRlB djBTmM"
>
  <div
    class="sc-ksdxgE Eewgt"
    label="High Risk"
  >
    <p
      class="sc-iqseJM sc-fotOHu xyHVy bjDOzb"
    />
  </div>
</div>
`;

exports[`StatusTag > should render Notification Status 1`] = `
<div
  class="sc-bqiRlB gbZIMP"
>
  <div
    class="sc-ksdxgE iMoYvL"
  >
    <p
      class="sc-iqseJM sc-fotOHu xyHVy eiKoEC"
    />
  </div>
</div>
`;
